// Jest Snapshot v1, https://goo.gl/fbAQLP

exports[`Create survey snapshot 1`] = `ShallowWrapper {}`;
