// Jest Snapshot v1, https://goo.gl/fbAQLP

exports[`List survey snapshot 1`] = `ShallowWrapper {}`;
